<html>
<body>
<pre>
<h1>µVision Build Log</h1>
<h2>Project:</h2>
D:\4VV22EC074\DAC\dac.uvproj
Project File Date:  03/22/2025

<h2>Output:</h2>
Rebuild target 'Target 1'
assembling startup_LPC17xx.s...
compiling system_LPC17xx.c...
compiling square.c...
square.c(35): warning:  #1-D: last line of file ends without a newline
        }
square.c: 1 warning, 0 errors
linking...
Program Size: Code=1488 RO-data=312 RW-data=4 ZI-data=612  
FromELF: creating hex file...
".\dac.axf" - 0 Error(s), 1 Warning(s).
</pre>
</body>
</html>
