<html>
<body>
<pre>
<h1>µVision Build Log</h1>
<h2>Project:</h2>
D:\4VV22EC074\7 SEGMENT\7_segment.uvproj
Project File Date:  02/24/2025

<h2>Output:</h2>
Rebuild target 'Target 1'
assembling startup_LPC17xx.s...
compiling system_LPC17xx.c...
compiling 2c.c...
2c.c(30): warning:  #186-D: pointless comparison of unsigned integer with zero
                for(number = 0xFF; number >=0x00; number--)
2c.c(52): warning:  #1-D: last line of file ends without a newline
        
linking...
Program Size: Code=1668 RO-data=300 RW-data=4 ZI-data=612  
FromELF: creating hex file...
".\7_segment.axf" - 0 Error(s), 2 Warning(s).
</pre>
</body>
</html>
