<html>
<body>
<pre>
<h1>µVision Build Log</h1>
<h2>Project:</h2>
D:\4VV22EC074\INTERRUPT\polling1.uvproj
Project File Date:  03/10/2025

<h2>Output:</h2>
Rebuild target 'Target 1'
compiling polling.c...
D:\4VV22EC122\polling\polling.c(36): warning:  #1-D: last line of file ends without a newline
                
D:\4VV22EC122\polling\polling.c: 1 warning, 0 errors
assembling startup_LPC17xx.s...
compiling system_LPC17xx.c...
linking...
Program Size: Code=1516 RO-data=284 RW-data=4 ZI-data=612  
FromELF: creating hex file...
".\polling1.axf" - 0 Error(s), 1 Warning(s).
</pre>
</body>
</html>
